Sep 03 15:59:52 rhel-lab00 systemd[1]: Starting WireGuard via wg-quick(8) for wg0...
░░ Subject: A start job for unit wg-quick@wg0.service has begun execution
░░ Defined-By: systemd
░░ Support: https://wiki.rockylinux.org/rocky/support
░░ 
░░ A start job for unit wg-quick@wg0.service has begun execution.
░░ 
░░ The job identifier is 249.
Sep 03 15:59:52 rhel-lab00 wg-quick[934]: [#] ip link add wg0 type wireguard
Sep 03 15:59:52 rhel-lab00 wg-quick[934]: [#] wg setconf wg0 /dev/fd/63
Sep 03 15:59:52 rhel-lab00 wg-quick[989]: Warning: AllowedIP has nonzero host part: 10.8.0.2/24
Sep 03 15:59:52 rhel-lab00 wg-quick[934]: [#] ip -4 address add 10.8.0.1/24 dev wg0
Sep 03 15:59:52 rhel-lab00 wg-quick[934]: [#] ip link set mtu 1420 up dev wg0
Sep 03 15:59:52 rhel-lab00 wg-quick[934]: [#] firewall-cmd --permanent --zone=public --add-interface=wg0
Sep 03 15:59:53 rhel-lab00 wg-quick[1028]: ERROR:dbus.proxies:Introspect error on :1.3:/org/fedoraproject/FirewallD1/config: dbus.exceptions.DBusException: org.freedesktop.DBus.Error.AccessDenied: Sender is not authorized to send message
Sep 03 15:59:53 rhel-lab00 wg-quick[1028]: Error: Sender is not authorized to send message
Sep 03 15:59:53 rhel-lab00 wg-quick[934]: [#] ip link delete dev wg0
Sep 03 15:59:53 rhel-lab00 systemd[1]: wg-quick@wg0.service: Main process exited, code=exited, status=254/n/a
░░ Subject: Unit process exited
░░ Defined-By: systemd
░░ Support: https://wiki.rockylinux.org/rocky/support
░░ 
░░ An ExecStart= process belonging to unit wg-quick@wg0.service has exited.
░░ 
░░ The process' exit code is 'exited' and its exit status is 254.
Sep 03 15:59:53 rhel-lab00 systemd[1]: wg-quick@wg0.service: Failed with result 'exit-code'.
░░ Subject: Unit failed
░░ Defined-By: systemd
░░ Support: https://wiki.rockylinux.org/rocky/support
░░ 
░░ The unit wg-quick@wg0.service has entered the 'failed' state with result 'exit-code'.
Sep 03 15:59:53 rhel-lab00 systemd[1]: Failed to start WireGuard via wg-quick(8) for wg0.
░░ Subject: A start job for unit wg-quick@wg0.service has failed
░░ Defined-By: systemd
░░ Support: https://wiki.rockylinux.org/rocky/support
░░ 
░░ A start job for unit wg-quick@wg0.service has finished with a failure.
░░ 
░░ The job identifier is 249 and the job result is failed.
Sep 03 16:48:51 rhel-lab00 systemd[1]: Starting WireGuard via wg-quick(8) for wg0...
░░ Subject: A start job for unit wg-quick@wg0.service has begun execution
░░ Defined-By: systemd
░░ Support: https://wiki.rockylinux.org/rocky/support
░░ 
░░ A start job for unit wg-quick@wg0.service has begun execution.
░░ 
░░ The job identifier is 8468.
Sep 03 16:48:51 rhel-lab00 wg-quick[2331]: [#] ip link add wg0 type wireguard
Sep 03 16:48:51 rhel-lab00 wg-quick[2331]: [#] wg setconf wg0 /dev/fd/63
Sep 03 16:48:51 rhel-lab00 wg-quick[2343]: Warning: AllowedIP has nonzero host part: 10.8.0.2/24
Sep 03 16:48:51 rhel-lab00 wg-quick[2331]: [#] ip -4 address add 10.8.0.1/24 dev wg0
Sep 03 16:48:51 rhel-lab00 wg-quick[2331]: [#] ip link set mtu 1420 up dev wg0
Sep 03 16:48:51 rhel-lab00 wg-quick[2331]: [#] firewall-cmd --permanent --zone=public --add-interface=wg0
Sep 03 16:48:51 rhel-lab00 wg-quick[2364]: ERROR:dbus.proxies:Introspect error on :1.3:/org/fedoraproject/FirewallD1/config: dbus.exceptions.DBusException: org.freedesktop.DBus.Error.AccessDenied: Sender is not authorized to send message
Sep 03 16:48:51 rhel-lab00 wg-quick[2364]: Error: Sender is not authorized to send message
Sep 03 16:48:51 rhel-lab00 wg-quick[2331]: [#] ip link delete dev wg0
Sep 03 16:48:51 rhel-lab00 systemd[1]: wg-quick@wg0.service: Main process exited, code=exited, status=254/n/a
░░ Subject: Unit process exited
░░ Defined-By: systemd
░░ Support: https://wiki.rockylinux.org/rocky/support
░░ 
░░ An ExecStart= process belonging to unit wg-quick@wg0.service has exited.
░░ 
░░ The process' exit code is 'exited' and its exit status is 254.
Sep 03 16:48:51 rhel-lab00 systemd[1]: wg-quick@wg0.service: Failed with result 'exit-code'.
░░ Subject: Unit failed
░░ Defined-By: systemd
░░ Support: https://wiki.rockylinux.org/rocky/support
░░ 
░░ The unit wg-quick@wg0.service has entered the 'failed' state with result 'exit-code'.
Sep 03 16:48:51 rhel-lab00 systemd[1]: Failed to start WireGuard via wg-quick(8) for wg0.
░░ Subject: A start job for unit wg-quick@wg0.service has failed
░░ Defined-By: systemd
░░ Support: https://wiki.rockylinux.org/rocky/support
░░ 
░░ A start job for unit wg-quick@wg0.service has finished with a failure.
░░ 
░░ The job identifier is 8468 and the job result is failed.
